// Jest Snapshot v1, https://goo.gl/fbAQLP

exports[`NotFoundError should render correctly 1`] = `
<body>
  <div>
    <div
      class="css-1ootpi0-MuiStack-root"
    >
      <div
        class="css-1p5q5e5-MuiStack-root"
      >
        <h6
          class="MuiTypography-root MuiTypography-h6 css-tjvwag-MuiTypography-root"
          tabindex="0"
        >
          404
        </h6>
        <h4
          class="MuiTypography-root MuiTypography-h4 css-5lbw0b-MuiTypography-root"
          tabindex="0"
        >
          PAGE NOT FOUND
        </h4>
        <p
          class="MuiTypography-root MuiTypography-body2 css-e784if-MuiTypography-root"
          tabindex="0"
        >
          If you entered a web address please check it was correct.
        </p>
      </div>
    </div>
  </div>
</body>
`;
